================================================================================
PyBullet 醫뚰몴 蹂??寃利??뚯뒪??================================================================================

[?ㅼ젣 臾쇱껜 ?꾩튂]
  ?붾뱶 醫뚰몴: (0.100, 0.100, 0.105)m
  ?붾뱶 醫뚰몴: (10.0, 10.0, 10.5)cm

[移대찓???ㅼ젙]
  移대찓???꾩튂: (0.5, 0.0, 0.5)m
  移대찓???寃? (0.0, 0.0, 0.0)m

[移대찓?쇄넂臾쇱껜 踰≫꽣]
  ?곷? 踰≫꽣: (-0.400, 0.100, -0.395)m
  吏곸꽑 嫄곕━: 0.5710m

================================================================================
?뚯뒪??耳?댁뒪 1: 臾쇱껜 以묒떖遺 (濡쒓렇 湲곕컲 ?덉긽媛?
================================================================================

[?낅젰媛?
  ?쎌?: (367, 276)
  源딆씠: 0.5940m

[蹂??寃곌낵]
  怨꾩궛???붾뱶 醫뚰몴: (4.85, 6.63, 11.15)cm
  ?ㅼ젣 臾쇱껜 ?꾩튂:   (10.0, 10.0, 10.5)cm

[?ㅼ감 遺꾩꽍]
  X ?ㅼ감: 5.15cm
  Y ?ㅼ감: 3.37cm
  Z ?ㅼ감: 0.65cm
  珥??ㅼ감: 6.19cm

[寃利?寃곌낵]
  ???ㅽ뙣. (珥??ㅼ감 6.19cm >= 5cm)
  ?붾쾭源??꾩슂: 醫뚰몴 蹂??濡쒖쭅 ?ш???
================================================================================
